<?xml version="1.0" encoding="UTF-8"?>
<testsuites name="Mocha Tests" time="0.109" tests="2" failures="1">
  <testsuite name="Root Suite" timestamp="2020-05-12T15:10:47" tests="0" file="cypress/integration/sample_spec.js" failures="0" time="0">
  </testsuite>
  <testsuite name="My First Test" timestamp="2020-05-12T15:10:47" tests="1" failures="0" time="0.109">
    <testcase name="My First Test Does not do much!" time="0.109" classname="Does not do much!">
    </testcase>
  </testsuite>
  <testsuite name="My second test" timestamp="2020-05-12T15:10:47" tests="1" failures="1" time="0">
    <testcase name="My second test Gets, types and asserts" time="0" classname="Gets, types and asserts">
      <failure message="Timed out retrying: expected &apos;&lt;input#email1.form-control.action-email&gt;&apos; to have value &apos;fake@email.comx&apos;, but the value was &apos;fake@email.com&apos;" type="CypressError"><![CDATA[CypressError: Timed out retrying: expected '<input#email1.form-control.action-email>' to have value 'fake@email.comx', but the value was 'fake@email.com'
    at Object.cypressErr (https://example.cypress.io/__cypress/runner/cypress_runner.js:86207:11)
    at Object.throwErr (https://example.cypress.io/__cypress/runner/cypress_runner.js:86162:18)
    at Object.throwErrByPath (https://example.cypress.io/__cypress/runner/cypress_runner.js:86194:17)
    at retry (https://example.cypress.io/__cypress/runner/cypress_runner.js:76849:16)
    at onFailFn (https://example.cypress.io/__cypress/runner/cypress_runner.js:65634:16)
    at tryCatcher (https://example.cypress.io/__cypress/runner/cypress_runner.js:120203:23)
    at Promise._settlePromiseFromHandler (https://example.cypress.io/__cypress/runner/cypress_runner.js:118139:31)
    at Promise._settlePromise (https://example.cypress.io/__cypress/runner/cypress_runner.js:118196:18)
    at Promise._settlePromise0 (https://example.cypress.io/__cypress/runner/cypress_runner.js:118241:10)
    at Promise._settlePromises (https://example.cypress.io/__cypress/runner/cypress_runner.js:118316:18)
    at Async../node_modules/bluebird/js/release/async.js.Async._drainQueue (https://example.cypress.io/__cypress/runner/cypress_runner.js:114928:16)
    at Async../node_modules/bluebird/js/release/async.js.Async._drainQueues (https://example.cypress.io/__cypress/runner/cypress_runner.js:114938:10)
    at Async.drainQueues (https://example.cypress.io/__cypress/runner/cypress_runner.js:114812:14)]]></failure>
    </testcase>
  </testsuite>
</testsuites>